/home/wangw/code/ELFMath/.venv/lib/python3.11/site-packages/torch/_subclasses/functional_tensor.py:362: UserWarning: Failed to initialize NumPy: No module named 'numpy' (Triggered internally at /pytorch/torch/csrc/utils/tensor_numpy.cpp:84.)
  cpu = _conversion_method_template(device=torch.device("cpu"))
2026-05-30 14:00:21,464 INFO FAM forall_inst  vocab=154  train=909  val=101  epochs=40
2026-05-30 14:00:27,991 INFO   epoch=0 train_loss=2.4804 val_loss=1.4556 val_exact=0.0000
2026-05-30 14:00:49,816 INFO   epoch=5 train_loss=0.2422 val_loss=0.2784 val_exact=0.1980
2026-05-30 14:01:11,711 INFO   epoch=10 train_loss=0.1399 val_loss=0.2320 val_exact=0.1584
2026-05-30 14:01:33,641 INFO   epoch=15 train_loss=0.1188 val_loss=0.2242 val_exact=0.1980
2026-05-30 14:01:55,217 INFO   epoch=20 train_loss=0.1054 val_loss=0.2262 val_exact=0.1485
2026-05-30 14:02:17,200 INFO   epoch=25 train_loss=0.0980 val_loss=0.2265 val_exact=0.0990
2026-05-30 14:02:38,807 INFO   epoch=30 train_loss=0.1023 val_loss=0.2329 val_exact=0.1089
2026-05-30 14:03:00,556 INFO   epoch=35 train_loss=0.0971 val_loss=0.2467 val_exact=0.1188
2026-05-30 14:03:18,174 INFO   epoch=39 train_loss=0.0960 val_loss=0.2599 val_exact=0.1188
2026-05-30 14:03:20,235 INFO   forall_inst saved: params=490266 best_epoch=9 val_exact=101.0000
2026-05-30 14:03:20,249 INFO FAM rewrite_succ  vocab=150  train=898  val=99  epochs=40
2026-05-30 14:03:25,157 INFO   epoch=0 train_loss=2.4744 val_loss=1.5048 val_exact=0.0000
2026-05-30 14:03:47,139 INFO   epoch=5 train_loss=0.2520 val_loss=0.3359 val_exact=0.1818
2026-05-30 14:04:08,246 INFO   epoch=10 train_loss=0.1398 val_loss=0.2909 val_exact=0.1616
2026-05-30 14:04:30,210 INFO   epoch=15 train_loss=0.1164 val_loss=0.2696 val_exact=0.2020
2026-05-30 14:04:51,745 INFO   epoch=20 train_loss=0.1090 val_loss=0.2600 val_exact=0.1111
2026-05-30 14:05:13,347 INFO   epoch=25 train_loss=0.1012 val_loss=0.2652 val_exact=0.1818
2026-05-30 14:05:35,051 INFO   epoch=30 train_loss=0.1105 val_loss=0.2963 val_exact=0.1515
2026-05-30 14:05:56,707 INFO   epoch=35 train_loss=0.1042 val_loss=0.2559 val_exact=0.1616
2026-05-30 14:06:13,931 INFO   epoch=39 train_loss=0.0978 val_loss=0.2762 val_exact=0.1919
2026-05-30 14:06:15,847 INFO   rewrite_succ saved: params=488342 best_epoch=33 val_exact=99.0000
2026-05-30 14:06:15,860 INFO FAM neg_exfalso  vocab=154  train=886  val=98  epochs=40
2026-05-30 14:06:20,691 INFO   epoch=0 train_loss=2.5018 val_loss=1.5367 val_exact=0.0000
2026-05-30 14:06:42,370 INFO   epoch=5 train_loss=0.2395 val_loss=0.2694 val_exact=0.1939
2026-05-30 14:07:03,400 INFO   epoch=10 train_loss=0.1379 val_loss=0.1930 val_exact=0.1633
2026-05-30 14:07:24,483 INFO   epoch=15 train_loss=0.1183 val_loss=0.2192 val_exact=0.1531
2026-05-30 14:07:45,556 INFO   epoch=20 train_loss=0.1007 val_loss=0.2130 val_exact=0.1735
2026-05-30 14:08:06,547 INFO   epoch=25 train_loss=0.1024 val_loss=0.2183 val_exact=0.1225
2026-05-30 14:08:27,547 INFO   epoch=30 train_loss=0.1018 val_loss=0.2557 val_exact=0.1837
2026-05-30 14:08:48,983 INFO   epoch=35 train_loss=0.0955 val_loss=0.2345 val_exact=0.1122
2026-05-30 14:09:06,047 INFO   epoch=39 train_loss=0.0965 val_loss=0.2429 val_exact=0.1225
2026-05-30 14:09:08,038 INFO   neg_exfalso saved: params=490266 best_epoch=7 val_exact=98.0000
2026-05-30 14:09:08,056 INFO FAM exists_reconstruct  vocab=152  train=902  val=100  epochs=40
2026-05-30 14:09:13,313 INFO   epoch=0 train_loss=2.4970 val_loss=1.5685 val_exact=0.0000
2026-05-30 14:09:35,199 INFO   epoch=5 train_loss=0.2267 val_loss=0.2664 val_exact=0.2300
2026-05-30 14:09:56,355 INFO   epoch=10 train_loss=0.1335 val_loss=0.2152 val_exact=0.2200
2026-05-30 14:10:17,803 INFO   epoch=15 train_loss=0.1174 val_loss=0.2132 val_exact=0.1600
2026-05-30 14:10:38,869 INFO   epoch=20 train_loss=0.1038 val_loss=0.2141 val_exact=0.1800
2026-05-30 14:11:00,306 INFO   epoch=25 train_loss=0.1004 val_loss=0.2186 val_exact=0.2300
2026-05-30 14:11:21,611 INFO   epoch=30 train_loss=0.0969 val_loss=0.2224 val_exact=0.1700
2026-05-30 14:11:43,084 INFO   epoch=35 train_loss=0.0955 val_loss=0.2400 val_exact=0.1600
2026-05-30 14:11:59,940 INFO   epoch=39 train_loss=0.0945 val_loss=0.2433 val_exact=0.1200
2026-05-30 14:12:01,947 INFO   exists_reconstruct saved: params=489304 best_epoch=12 val_exact=100.0000
2026-05-30 14:12:01,962 INFO FAM neg_imp_exfalso  vocab=154  train=902  val=100  epochs=40
2026-05-30 14:12:06,995 INFO   epoch=0 train_loss=2.4903 val_loss=1.5377 val_exact=0.0000
2026-05-30 14:12:28,852 INFO   epoch=5 train_loss=0.2506 val_loss=0.2969 val_exact=0.2400
2026-05-30 14:12:50,572 INFO   epoch=10 train_loss=0.1398 val_loss=0.2332 val_exact=0.2100
2026-05-30 14:13:12,282 INFO   epoch=15 train_loss=0.1246 val_loss=0.2621 val_exact=0.1300
2026-05-30 14:13:34,020 INFO   epoch=20 train_loss=0.1053 val_loss=0.2367 val_exact=0.1700
2026-05-30 14:13:55,495 INFO   epoch=25 train_loss=0.1030 val_loss=0.2361 val_exact=0.2200
2026-05-30 14:14:17,185 INFO   epoch=30 train_loss=0.0988 val_loss=0.2603 val_exact=0.1400
2026-05-30 14:14:38,290 INFO   epoch=35 train_loss=0.0975 val_loss=0.2559 val_exact=0.0900
2026-05-30 14:14:55,499 INFO   epoch=39 train_loss=0.0976 val_loss=0.2768 val_exact=0.1300
2026-05-30 14:14:57,434 INFO   neg_imp_exfalso saved: params=490266 best_epoch=7 val_exact=100.0000
2026-05-30 14:14:57,434 INFO V14 TOKEN TRAIN DONE
