/home/wangw/code/ELFMath/.venv/lib/python3.11/site-packages/torch/_subclasses/functional_tensor.py:362: UserWarning: Failed to initialize NumPy: No module named 'numpy' (Triggered internally at /pytorch/torch/csrc/utils/tensor_numpy.cpp:84.)
  cpu = _conversion_method_template(device=torch.device("cpu"))
2026-05-31 18:52:17,999 INFO training v28_general (554 rows, embed=96 hidden=128) ...
2026-05-31 18:52:21,861 INFO     [v28_general] epoch=0 train_loss=3.1875 val_loss=2.4638 val_exact=0.0949
2026-05-31 18:52:49,455 INFO     [v28_general] epoch=10 train_loss=0.3062 val_loss=0.7974 val_exact=0.2336
2026-05-31 18:53:17,215 INFO     [v28_general] epoch=20 train_loss=0.2110 val_loss=0.7870 val_exact=0.1533
2026-05-31 18:53:45,078 INFO     [v28_general] epoch=30 train_loss=0.1910 val_loss=0.7920 val_exact=0.1679
2026-05-31 18:54:10,554 INFO     [v28_general] epoch=39 train_loss=0.1868 val_loss=0.8184 val_exact=0.1971
2026-05-31 18:54:12,561 INFO   DONE v28_general              rows=554 vocab=213 params=518645 best_epoch=12 val_exact=0.263 (114.5s)
2026-05-31 18:54:12,565 INFO training v28_set_order_heavy (816 rows, embed=96 hidden=128) ...
2026-05-31 18:54:16,422 INFO     [v28_set_order_heavy] epoch=0 train_loss=2.7999 val_loss=2.1680 val_exact=0.0438
2026-05-31 18:54:55,258 INFO     [v28_set_order_heavy] epoch=10 train_loss=0.2179 val_loss=0.7502 val_exact=0.2482
2026-05-31 18:55:34,204 INFO     [v28_set_order_heavy] epoch=20 train_loss=0.1687 val_loss=0.7641 val_exact=0.1971
2026-05-31 18:56:13,310 INFO     [v28_set_order_heavy] epoch=30 train_loss=0.1675 val_loss=0.7878 val_exact=0.1898
2026-05-31 18:56:48,375 INFO     [v28_set_order_heavy] epoch=39 train_loss=0.1613 val_loss=0.8021 val_exact=0.1679
2026-05-31 18:56:50,327 INFO   DONE v28_set_order_heavy      rows=816 vocab=213 params=518645 best_epoch=10 val_exact=0.248 (157.7s)
2026-05-31 18:56:50,329 INFO training v28_category_balanced (442 rows, embed=96 hidden=128) ...
2026-05-31 18:56:52,435 INFO     [v28_category_balanced] epoch=0 train_loss=3.4098 val_loss=2.7564 val_exact=0.0000
2026-05-31 18:57:15,552 INFO     [v28_category_balanced] epoch=10 train_loss=0.3217 val_loss=1.1362 val_exact=0.1898
2026-05-31 18:57:38,359 INFO     [v28_category_balanced] epoch=20 train_loss=0.2198 val_loss=1.1873 val_exact=0.1679
2026-05-31 18:58:01,519 INFO     [v28_category_balanced] epoch=30 train_loss=0.1974 val_loss=1.2301 val_exact=0.1606
2026-05-31 18:58:21,907 INFO     [v28_category_balanced] epoch=39 train_loss=0.1921 val_loss=1.2504 val_exact=0.1679
2026-05-31 18:58:23,844 INFO   DONE v28_category_balanced    rows=442 vocab=201 params=512873 best_epoch=15 val_exact=0.212 (93.5s)
2026-05-31 18:58:23,847 INFO training v28_finset_specialist (606 rows, embed=96 hidden=128) ...
2026-05-31 18:58:26,832 INFO     [v28_finset_specialist] epoch=0 train_loss=3.1395 val_loss=2.3587 val_exact=0.0073
2026-05-31 18:58:57,892 INFO     [v28_finset_specialist] epoch=10 train_loss=0.2642 val_loss=0.7871 val_exact=0.2117
2026-05-31 18:59:28,033 INFO     [v28_finset_specialist] epoch=20 train_loss=0.1855 val_loss=0.7807 val_exact=0.2117
2026-05-31 18:59:58,340 INFO     [v28_finset_specialist] epoch=30 train_loss=0.1709 val_loss=0.8000 val_exact=0.1606
2026-05-31 19:00:25,846 INFO     [v28_finset_specialist] epoch=39 train_loss=0.1680 val_loss=0.7959 val_exact=0.1971
2026-05-31 19:00:28,022 INFO   DONE v28_finset_specialist    rows=606 vocab=213 params=518645 best_epoch=31 val_exact=0.241 (124.1s)
2026-05-31 19:00:28,024 INFO training v28_set_holdout (352 rows, embed=96 hidden=128) ...
2026-05-31 19:00:31,833 INFO     [v28_set_holdout] epoch=0 train_loss=3.5260 val_loss=3.1240 val_exact=0.0000
2026-05-31 19:00:49,993 INFO     [v28_set_holdout] epoch=10 train_loss=0.3698 val_loss=1.5984 val_exact=0.1241
2026-05-31 19:01:08,434 INFO     [v28_set_holdout] epoch=20 train_loss=0.2489 val_loss=1.6991 val_exact=0.1971
2026-05-31 19:01:26,228 INFO     [v28_set_holdout] epoch=30 train_loss=0.2320 val_loss=1.7649 val_exact=0.1314
2026-05-31 19:01:42,211 INFO     [v28_set_holdout] epoch=39 train_loss=0.2272 val_loss=1.8128 val_exact=0.1387
2026-05-31 19:01:44,366 INFO   DONE v28_set_holdout          rows=352 vocab=180 params=502772 best_epoch=20 val_exact=0.197 (76.3s)
2026-05-31 19:01:44,368 INFO training v28_order_holdout (469 rows, embed=96 hidden=128) ...
2026-05-31 19:01:46,953 INFO     [v28_order_holdout] epoch=0 train_loss=3.3007 val_loss=2.5941 val_exact=0.0000
2026-05-31 19:02:12,123 INFO     [v28_order_holdout] epoch=10 train_loss=0.3008 val_loss=0.8963 val_exact=0.1460
2026-05-31 19:02:36,466 INFO     [v28_order_holdout] epoch=20 train_loss=0.1926 val_loss=0.9024 val_exact=0.1898
2026-05-31 19:03:00,683 INFO     [v28_order_holdout] epoch=30 train_loss=0.1706 val_loss=0.9322 val_exact=0.1825
2026-05-31 19:03:22,783 INFO     [v28_order_holdout] epoch=39 train_loss=0.1580 val_loss=0.9410 val_exact=0.1825
2026-05-31 19:03:24,898 INFO   DONE v28_order_holdout        rows=469 vocab=186 params=505658 best_epoch=15 val_exact=0.248 (100.5s)
2026-05-31 19:03:24,900 INFO training v28_finset_holdout (528 rows, embed=96 hidden=128) ...
2026-05-31 19:03:27,671 INFO     [v28_finset_holdout] epoch=0 train_loss=3.1853 val_loss=2.5928 val_exact=0.0584
2026-05-31 19:03:53,918 INFO     [v28_finset_holdout] epoch=10 train_loss=0.2883 val_loss=1.1534 val_exact=0.1971
2026-05-31 19:04:19,975 INFO     [v28_finset_holdout] epoch=20 train_loss=0.2047 val_loss=1.1820 val_exact=0.1606
2026-05-31 19:04:45,876 INFO     [v28_finset_holdout] epoch=30 train_loss=0.1842 val_loss=1.2243 val_exact=0.1679
2026-05-31 19:05:09,186 INFO     [v28_finset_holdout] epoch=39 train_loss=0.1884 val_loss=1.2578 val_exact=0.2044
2026-05-31 19:05:11,357 INFO   DONE v28_finset_holdout       rows=528 vocab=205 params=514797 best_epoch=21 val_exact=0.234 (106.4s)
2026-05-31 19:05:11,357 INFO V28 TRAIN DONE: 7 configs -> manifest /home/wangw/code/ELFMath/data/processed/v28_mathlib_specialist/train_manifest.json
