/home/wangw/code/ELFMath/.venv/lib/python3.11/site-packages/torch/_subclasses/functional_tensor.py:362: UserWarning: Failed to initialize NumPy: No module named 'numpy' (Triggered internally at /pytorch/torch/csrc/utils/tensor_numpy.cpp:84.)
  cpu = _conversion_method_template(device=torch.device("cpu"))
2026-05-30 12:00:53,039 INFO FAM forall_inst  vocab=142  train=651  val=72  epochs=40
2026-05-30 12:00:58,470 INFO   epoch=0 train_loss=2.7849 val_loss=1.9074 val_exact=0.0000
2026-05-30 12:01:16,904 INFO   epoch=5 train_loss=0.3545 val_loss=0.3555 val_exact=0.1250
2026-05-30 12:01:35,364 INFO   epoch=10 train_loss=0.1672 val_loss=0.2231 val_exact=0.1806
2026-05-30 12:01:53,389 INFO   epoch=15 train_loss=0.1266 val_loss=0.2156 val_exact=0.1806
2026-05-30 12:02:11,313 INFO   epoch=20 train_loss=0.1105 val_loss=0.2057 val_exact=0.2083
2026-05-30 12:02:29,584 INFO   epoch=25 train_loss=0.0982 val_loss=0.2225 val_exact=0.0556
2026-05-30 12:02:47,540 INFO   epoch=30 train_loss=0.1047 val_loss=0.2354 val_exact=0.1389
2026-05-30 12:03:05,855 INFO   epoch=35 train_loss=0.0954 val_loss=0.2454 val_exact=0.0833
2026-05-30 12:03:20,841 INFO   epoch=39 train_loss=0.0936 val_loss=0.2603 val_exact=0.0694
2026-05-30 12:03:22,462 INFO   forall_inst saved: params=484494 best_epoch=9 val_exact=72.0000
2026-05-30 12:03:22,472 INFO FAM rewrite_succ  vocab=136  train=639  val=71  epochs=40
2026-05-30 12:03:26,652 INFO   epoch=0 train_loss=2.8455 val_loss=2.0429 val_exact=0.0000
2026-05-30 12:03:44,852 INFO   epoch=5 train_loss=0.3497 val_loss=0.3450 val_exact=0.1831
2026-05-30 12:04:02,355 INFO   epoch=10 train_loss=0.1582 val_loss=0.2600 val_exact=0.1549
2026-05-30 12:04:19,106 INFO   epoch=15 train_loss=0.1255 val_loss=0.2452 val_exact=0.1972
2026-05-30 12:04:35,610 INFO   epoch=20 train_loss=0.1011 val_loss=0.2352 val_exact=0.1127
2026-05-30 12:04:52,697 INFO   epoch=25 train_loss=0.0963 val_loss=0.2380 val_exact=0.1268
2026-05-30 12:05:09,221 INFO   epoch=30 train_loss=0.0932 val_loss=0.2616 val_exact=0.0282
2026-05-30 12:05:25,666 INFO   epoch=35 train_loss=0.0864 val_loss=0.2883 val_exact=0.0845
2026-05-30 12:05:38,632 INFO   epoch=39 train_loss=0.0851 val_loss=0.2775 val_exact=0.0423
2026-05-30 12:05:39,865 INFO   rewrite_succ saved: params=481608 best_epoch=8 val_exact=71.0000
2026-05-30 12:05:39,874 INFO FAM neg_exfalso  vocab=142  train=628  val=69  epochs=40
2026-05-30 12:05:43,704 INFO   epoch=0 train_loss=2.8366 val_loss=1.9349 val_exact=0.0000
2026-05-30 12:06:02,308 INFO   epoch=5 train_loss=0.3736 val_loss=0.3904 val_exact=0.1014
2026-05-30 12:06:19,272 INFO   epoch=10 train_loss=0.1664 val_loss=0.2201 val_exact=0.1884
2026-05-30 12:06:35,053 INFO   epoch=15 train_loss=0.1212 val_loss=0.1928 val_exact=0.2029
2026-05-30 12:06:50,987 INFO   epoch=20 train_loss=0.1076 val_loss=0.2013 val_exact=0.2174
2026-05-30 12:07:07,181 INFO   epoch=25 train_loss=0.0985 val_loss=0.2114 val_exact=0.1594
2026-05-30 12:07:23,088 INFO   epoch=30 train_loss=0.0940 val_loss=0.2045 val_exact=0.1739
2026-05-30 12:07:39,188 INFO   epoch=35 train_loss=0.0901 val_loss=0.2356 val_exact=0.1449
2026-05-30 12:07:52,040 INFO   epoch=39 train_loss=0.0937 val_loss=0.2247 val_exact=0.1449
2026-05-30 12:07:53,480 INFO   neg_exfalso saved: params=484494 best_epoch=9 val_exact=69.0000
2026-05-30 12:07:53,489 INFO FAM exists_reconstruct  vocab=140  train=644  val=71  epochs=40
2026-05-30 12:07:57,622 INFO   epoch=0 train_loss=2.7687 val_loss=1.8987 val_exact=0.0000
2026-05-30 12:08:13,951 INFO   epoch=5 train_loss=0.3669 val_loss=0.4186 val_exact=0.1831
2026-05-30 12:08:30,707 INFO   epoch=10 train_loss=0.1720 val_loss=0.2776 val_exact=0.2676
2026-05-30 12:08:46,813 INFO   epoch=15 train_loss=0.1246 val_loss=0.2621 val_exact=0.1549
2026-05-30 12:09:03,448 INFO   epoch=20 train_loss=0.1144 val_loss=0.2407 val_exact=0.0845
2026-05-30 12:09:19,893 INFO   epoch=25 train_loss=0.0991 val_loss=0.2595 val_exact=0.1268
2026-05-30 12:09:36,781 INFO   epoch=30 train_loss=0.1123 val_loss=0.2730 val_exact=0.0563
2026-05-30 12:09:53,307 INFO   epoch=35 train_loss=0.0883 val_loss=0.2641 val_exact=0.0282
2026-05-30 12:10:06,680 INFO   epoch=39 train_loss=0.0916 val_loss=0.2938 val_exact=0.0282
2026-05-30 12:10:08,112 INFO   exists_reconstruct saved: params=483532 best_epoch=10 val_exact=71.0000
2026-05-30 12:10:08,123 INFO FAM neg_imp_exfalso  vocab=142  train=644  val=71  epochs=40
2026-05-30 12:10:12,627 INFO   epoch=0 train_loss=2.7915 val_loss=1.8590 val_exact=0.0000
2026-05-30 12:10:29,137 INFO   epoch=5 train_loss=0.3809 val_loss=0.4526 val_exact=0.2253
2026-05-30 12:10:45,913 INFO   epoch=10 train_loss=0.1787 val_loss=0.2807 val_exact=0.2113
2026-05-30 12:11:02,183 INFO   epoch=15 train_loss=0.1404 val_loss=0.2844 val_exact=0.0845
2026-05-30 12:11:18,629 INFO   epoch=20 train_loss=0.1221 val_loss=0.2650 val_exact=0.1127
2026-05-30 12:11:35,170 INFO   epoch=25 train_loss=0.1072 val_loss=0.2890 val_exact=0.1127
2026-05-30 12:11:51,601 INFO   epoch=30 train_loss=0.1255 val_loss=0.3070 val_exact=0.0986
2026-05-30 12:12:08,091 INFO   epoch=35 train_loss=0.0931 val_loss=0.2902 val_exact=0.0563
2026-05-30 12:12:21,491 INFO   epoch=39 train_loss=0.0925 val_loss=0.3036 val_exact=0.0704
2026-05-30 12:12:23,075 INFO   neg_imp_exfalso saved: params=484494 best_epoch=5 val_exact=71.0000
2026-05-30 12:12:23,076 INFO V14 TOKEN TRAIN DONE
